Build from Source (FrankW Fork)	Set up job	Ôªø2026-01-16T13:10:36.4370159Z Current runner version: '2.330.0'
Build from Source (FrankW Fork)	Set up job	2026-01-16T13:10:36.4379127Z Runner name: 'nixos-bpi-builder'
Build from Source (FrankW Fork)	Set up job	2026-01-16T13:10:36.4379940Z Runner group name: 'Default'
Build from Source (FrankW Fork)	Set up job	2026-01-16T13:10:36.4380847Z Machine name: 'nixos-nvme'
Build from Source (FrankW Fork)	Set up job	2026-01-16T13:10:36.4383553Z ##[group]GITHUB_TOKEN Permissions
Build from Source (FrankW Fork)	Set up job	2026-01-16T13:10:36.4386829Z Contents: read
Build from Source (FrankW Fork)	Set up job	2026-01-16T13:10:36.4387410Z Metadata: read
Build from Source (FrankW Fork)	Set up job	2026-01-16T13:10:36.4387934Z Packages: read
Build from Source (FrankW Fork)	Set up job	2026-01-16T13:10:36.4388467Z ##[endgroup]
Build from Source (FrankW Fork)	Set up job	2026-01-16T13:10:36.4391285Z Secret source: Actions
Build from Source (FrankW Fork)	Set up job	2026-01-16T13:10:36.4392119Z Prepare workflow directory
Build from Source (FrankW Fork)	Set up job	2026-01-16T13:10:36.4985796Z Prepare all required actions
Build from Source (FrankW Fork)	Set up job	2026-01-16T13:10:36.5045377Z Getting action download info
Build from Source (FrankW Fork)	Set up job	2026-01-16T13:10:36.9876167Z Download action repository 'actions/checkout@v4' (SHA:34e114876b0b11c390a56381ad16ebd13914f8d5)
Build from Source (FrankW Fork)	Set up job	2026-01-16T13:10:37.5076220Z Download action repository 'actions/upload-artifact@v4' (SHA:ea165f8d65b6e75b540449e92b4886f43607fa02)
Build from Source (FrankW Fork)	Set up job	2026-01-16T13:10:38.1557070Z Complete job name: Build from Source (FrankW Fork)
Build from Source (FrankW Fork)	Run actions/checkout@v4	Ôªø2026-01-16T13:10:38.2754578Z ##[group]Run actions/checkout@v4
Build from Source (FrankW Fork)	Run actions/checkout@v4	2026-01-16T13:10:38.2757673Z with:
Build from Source (FrankW Fork)	Run actions/checkout@v4	2026-01-16T13:10:38.2758920Z   repository: kleinbem/openwrt-builder
Build from Source (FrankW Fork)	Run actions/checkout@v4	2026-01-16T13:10:38.2761046Z   token: ***
Build from Source (FrankW Fork)	Run actions/checkout@v4	2026-01-16T13:10:38.2762208Z   ssh-strict: true
Build from Source (FrankW Fork)	Run actions/checkout@v4	2026-01-16T13:10:38.2763338Z   ssh-user: git
Build from Source (FrankW Fork)	Run actions/checkout@v4	2026-01-16T13:10:38.2764589Z   persist-credentials: true
Build from Source (FrankW Fork)	Run actions/checkout@v4	2026-01-16T13:10:38.2765985Z   clean: true
Build from Source (FrankW Fork)	Run actions/checkout@v4	2026-01-16T13:10:38.2767126Z   sparse-checkout-cone-mode: true
Build from Source (FrankW Fork)	Run actions/checkout@v4	2026-01-16T13:10:38.2768536Z   fetch-depth: 1
Build from Source (FrankW Fork)	Run actions/checkout@v4	2026-01-16T13:10:38.2769775Z   fetch-tags: false
Build from Source (FrankW Fork)	Run actions/checkout@v4	2026-01-16T13:10:38.2770965Z   show-progress: true
Build from Source (FrankW Fork)	Run actions/checkout@v4	2026-01-16T13:10:38.2772181Z   lfs: false
Build from Source (FrankW Fork)	Run actions/checkout@v4	2026-01-16T13:10:38.2773344Z   submodules: false
Build from Source (FrankW Fork)	Run actions/checkout@v4	2026-01-16T13:10:38.2774639Z   set-safe-directory: true
Build from Source (FrankW Fork)	Run actions/checkout@v4	2026-01-16T13:10:38.2776925Z ##[endgroup]
Build from Source (FrankW Fork)	Run actions/checkout@v4	2026-01-16T13:10:38.4588817Z Syncing repository: kleinbem/openwrt-builder
Build from Source (FrankW Fork)	Run actions/checkout@v4	2026-01-16T13:10:38.4597522Z ##[group]Getting Git version info
Build from Source (FrankW Fork)	Run actions/checkout@v4	2026-01-16T13:10:38.4606532Z Working directory is '/run/github-runner/openwrt-builder/openwrt-builder/openwrt-builder'
Build from Source (FrankW Fork)	Run actions/checkout@v4	2026-01-16T13:10:38.4613660Z [command]/nix/store/fryiyyhhilpqhx2wc4b6l5gnxc8w18rg-git-2.52.0/bin/git version
Build from Source (FrankW Fork)	Run actions/checkout@v4	2026-01-16T13:10:38.4617510Z git version 2.52.0
Build from Source (FrankW Fork)	Run actions/checkout@v4	2026-01-16T13:10:38.4655882Z ##[endgroup]
Build from Source (FrankW Fork)	Run actions/checkout@v4	2026-01-16T13:10:38.4678504Z Temporarily overriding HOME='/run/github-runner/openwrt-builder/_temp/c84ce06e-f48b-434e-bcce-4f9f362aeb7e' before making global git config changes
Build from Source (FrankW Fork)	Run actions/checkout@v4	2026-01-16T13:10:38.4687511Z Adding repository directory to the temporary git global config as a safe directory
Build from Source (FrankW Fork)	Run actions/checkout@v4	2026-01-16T13:10:38.4696633Z [command]/nix/store/fryiyyhhilpqhx2wc4b6l5gnxc8w18rg-git-2.52.0/bin/git config --global --add safe.directory /run/github-runner/openwrt-builder/openwrt-builder/openwrt-builder
Build from Source (FrankW Fork)	Run actions/checkout@v4	2026-01-16T13:10:38.4743372Z Deleting the contents of '/run/github-runner/openwrt-builder/openwrt-builder/openwrt-builder'
Build from Source (FrankW Fork)	Run actions/checkout@v4	2026-01-16T13:10:38.4749205Z ##[group]Initializing the repository
Build from Source (FrankW Fork)	Run actions/checkout@v4	2026-01-16T13:10:38.4754585Z [command]/nix/store/fryiyyhhilpqhx2wc4b6l5gnxc8w18rg-git-2.52.0/bin/git init /run/github-runner/openwrt-builder/openwrt-builder/openwrt-builder
Build from Source (FrankW Fork)	Run actions/checkout@v4	2026-01-16T13:10:38.4810265Z hint: Using 'master' as the name for the initial branch. This default branch name
Build from Source (FrankW Fork)	Run actions/checkout@v4	2026-01-16T13:10:38.4815126Z hint: will change to "main" in Git 3.0. To configure the initial branch name
Build from Source (FrankW Fork)	Run actions/checkout@v4	2026-01-16T13:10:38.4819261Z hint: to use in all of your new repositories, which will suppress this warning,
Build from Source (FrankW Fork)	Run actions/checkout@v4	2026-01-16T13:10:38.4822320Z hint: call:
Build from Source (FrankW Fork)	Run actions/checkout@v4	2026-01-16T13:10:38.4823614Z hint:
Build from Source (FrankW Fork)	Run actions/checkout@v4	2026-01-16T13:10:38.4826587Z hint: 	git config --global init.defaultBranch <name>
Build from Source (FrankW Fork)	Run actions/checkout@v4	2026-01-16T13:10:38.4829440Z hint:
Build from Source (FrankW Fork)	Run actions/checkout@v4	2026-01-16T13:10:38.4831711Z hint: Names commonly chosen instead of 'master' are 'main', 'trunk' and
Build from Source (FrankW Fork)	Run actions/checkout@v4	2026-01-16T13:10:38.4835697Z hint: 'development'. The just-created branch can be renamed via this command:
Build from Source (FrankW Fork)	Run actions/checkout@v4	2026-01-16T13:10:38.4838847Z hint:
Build from Source (FrankW Fork)	Run actions/checkout@v4	2026-01-16T13:10:38.4840418Z hint: 	git branch -m <name>
Build from Source (FrankW Fork)	Run actions/checkout@v4	2026-01-16T13:10:38.4842291Z hint:
Build from Source (FrankW Fork)	Run actions/checkout@v4	2026-01-16T13:10:38.4844889Z hint: Disable this message with "git config set advice.defaultBranchName false"
Build from Source (FrankW Fork)	Run actions/checkout@v4	2026-01-16T13:10:38.4851124Z Initialized empty Git repository in /run/github-runner/openwrt-builder/openwrt-builder/openwrt-builder/.git/
Build from Source (FrankW Fork)	Run actions/checkout@v4	2026-01-16T13:10:38.4861329Z [command]/nix/store/fryiyyhhilpqhx2wc4b6l5gnxc8w18rg-git-2.52.0/bin/git remote add origin https://github.com/kleinbem/openwrt-builder
Build from Source (FrankW Fork)	Run actions/checkout@v4	2026-01-16T13:10:38.4900391Z ##[endgroup]
Build from Source (FrankW Fork)	Run actions/checkout@v4	2026-01-16T13:10:38.4910212Z ##[group]Disabling automatic garbage collection
Build from Source (FrankW Fork)	Run actions/checkout@v4	2026-01-16T13:10:38.4914533Z [command]/nix/store/fryiyyhhilpqhx2wc4b6l5gnxc8w18rg-git-2.52.0/bin/git config --local gc.auto 0
Build from Source (FrankW Fork)	Run actions/checkout@v4	2026-01-16T13:10:38.4940390Z ##[endgroup]
Build from Source (FrankW Fork)	Run actions/checkout@v4	2026-01-16T13:10:38.4942917Z ##[group]Setting up auth
Build from Source (FrankW Fork)	Run actions/checkout@v4	2026-01-16T13:10:38.4953044Z [command]/nix/store/fryiyyhhilpqhx2wc4b6l5gnxc8w18rg-git-2.52.0/bin/git config --local --name-only --get-regexp core\.sshCommand
Build from Source (FrankW Fork)	Run actions/checkout@v4	2026-01-16T13:10:38.5072833Z [command]/nix/store/fryiyyhhilpqhx2wc4b6l5gnxc8w18rg-git-2.52.0/bin/git submodule foreach --recursive sh -c "git config --local --name-only --get-regexp 'core\.sshCommand' && git config --local --unset-all 'core.sshCommand' || :"
Build from Source (FrankW Fork)	Run actions/checkout@v4	2026-01-16T13:10:38.5764156Z [command]/nix/store/fryiyyhhilpqhx2wc4b6l5gnxc8w18rg-git-2.52.0/bin/git config --local --name-only --get-regexp http\.https\:\/\/github\.com\/\.extraheader
Build from Source (FrankW Fork)	Run actions/checkout@v4	2026-01-16T13:10:38.5876670Z [command]/nix/store/fryiyyhhilpqhx2wc4b6l5gnxc8w18rg-git-2.52.0/bin/git submodule foreach --recursive sh -c "git config --local --name-only --get-regexp 'http\.https\:\/\/github\.com\/\.extraheader' && git config --local --unset-all 'http.https://github.com/.extraheader' || :"
Build from Source (FrankW Fork)	Run actions/checkout@v4	2026-01-16T13:10:38.6847066Z [command]/nix/store/fryiyyhhilpqhx2wc4b6l5gnxc8w18rg-git-2.52.0/bin/git config --local --name-only --get-regexp ^includeIf\.gitdir:
Build from Source (FrankW Fork)	Run actions/checkout@v4	2026-01-16T13:10:38.6971796Z [command]/nix/store/fryiyyhhilpqhx2wc4b6l5gnxc8w18rg-git-2.52.0/bin/git submodule foreach --recursive git config --local --show-origin --name-only --get-regexp remote.origin.url
Build from Source (FrankW Fork)	Run actions/checkout@v4	2026-01-16T13:10:38.7566386Z [command]/nix/store/fryiyyhhilpqhx2wc4b6l5gnxc8w18rg-git-2.52.0/bin/git config --local http.https://github.com/.extraheader AUTHORIZATION: basic ***
Build from Source (FrankW Fork)	Run actions/checkout@v4	2026-01-16T13:10:38.7615888Z ##[endgroup]
Build from Source (FrankW Fork)	Run actions/checkout@v4	2026-01-16T13:10:38.7618695Z ##[group]Fetching the repository
Build from Source (FrankW Fork)	Run actions/checkout@v4	2026-01-16T13:10:38.7633681Z [command]/nix/store/fryiyyhhilpqhx2wc4b6l5gnxc8w18rg-git-2.52.0/bin/git -c protocol.version=2 fetch --no-tags --prune --no-recurse-submodules --depth=1 origin +3a9e265c33c5e24f3bfb0892329267cf8d5df777:refs/remotes/origin/main
Build from Source (FrankW Fork)	Run actions/checkout@v4	2026-01-16T13:10:39.2589130Z From https://github.com/kleinbem/openwrt-builder
Build from Source (FrankW Fork)	Run actions/checkout@v4	2026-01-16T13:10:39.2590396Z  * [new ref]         3a9e265c33c5e24f3bfb0892329267cf8d5df777 -> origin/main
Build from Source (FrankW Fork)	Run actions/checkout@v4	2026-01-16T13:10:39.2619903Z ##[endgroup]
Build from Source (FrankW Fork)	Run actions/checkout@v4	2026-01-16T13:10:39.2621017Z ##[group]Determining the checkout info
Build from Source (FrankW Fork)	Run actions/checkout@v4	2026-01-16T13:10:39.2622153Z ##[endgroup]
Build from Source (FrankW Fork)	Run actions/checkout@v4	2026-01-16T13:10:39.2627151Z [command]/nix/store/fryiyyhhilpqhx2wc4b6l5gnxc8w18rg-git-2.52.0/bin/git sparse-checkout disable
Build from Source (FrankW Fork)	Run actions/checkout@v4	2026-01-16T13:10:39.2660998Z [command]/nix/store/fryiyyhhilpqhx2wc4b6l5gnxc8w18rg-git-2.52.0/bin/git config --local --unset-all extensions.worktreeConfig
Build from Source (FrankW Fork)	Run actions/checkout@v4	2026-01-16T13:10:39.2680792Z ##[group]Checking out the ref
Build from Source (FrankW Fork)	Run actions/checkout@v4	2026-01-16T13:10:39.2684974Z [command]/nix/store/fryiyyhhilpqhx2wc4b6l5gnxc8w18rg-git-2.52.0/bin/git checkout --progress --force -B main refs/remotes/origin/main
Build from Source (FrankW Fork)	Run actions/checkout@v4	2026-01-16T13:10:39.2820632Z Switched to a new branch 'main'
Build from Source (FrankW Fork)	Run actions/checkout@v4	2026-01-16T13:10:39.2821799Z branch 'main' set up to track 'origin/main'.
Build from Source (FrankW Fork)	Run actions/checkout@v4	2026-01-16T13:10:39.2827212Z ##[endgroup]
Build from Source (FrankW Fork)	Run actions/checkout@v4	2026-01-16T13:10:39.2868076Z [command]/nix/store/fryiyyhhilpqhx2wc4b6l5gnxc8w18rg-git-2.52.0/bin/git log -1 --format=%H
Build from Source (FrankW Fork)	Run actions/checkout@v4	2026-01-16T13:10:39.2890019Z 3a9e265c33c5e24f3bfb0892329267cf8d5df777
Build from Source (FrankW Fork)	Build Source	Ôªø2026-01-16T13:10:39.3096452Z ##[group]Run ./build-source.sh
Build from Source (FrankW Fork)	Build Source	2026-01-16T13:10:39.3097461Z [36;1m./build-source.sh[0m
Build from Source (FrankW Fork)	Build Source	2026-01-16T13:10:39.3105506Z shell: /nix/store/hkbylipx1iiawqdcjv858p501wv81bpm-bash-interactive-5.3p3/bin/bash -e {0}
Build from Source (FrankW Fork)	Build Source	2026-01-16T13:10:39.3107218Z ##[endgroup]
Build from Source (FrankW Fork)	Build Source	2026-01-16T13:10:39.3231003Z ‚ùÑÔ∏è  Nix detected. re-executing inside reproducible environment...
Build from Source (FrankW Fork)	Build Source	2026-01-16T13:10:39.3466736Z unpacking 'https://github.com/NixOS/nixpkgs/archive/nixos-24.11.tar.gz' into the Git cache...
Build from Source (FrankW Fork)	Build Source	2026-01-16T13:11:08.7256757Z Welcome to the OpenWrt FHS Builder Environment
Build from Source (FrankW Fork)	Upload Artifacts	Ôªø2026-01-16T13:11:08.7405815Z ##[group]Run actions/upload-artifact@v4
Build from Source (FrankW Fork)	Upload Artifacts	2026-01-16T13:11:08.7406635Z with:
Build from Source (FrankW Fork)	Upload Artifacts	2026-01-16T13:11:08.7407132Z   name: openwrt-bpi-r4-source-images
Build from Source (FrankW Fork)	Upload Artifacts	2026-01-16T13:11:08.7407786Z   path: bin/targets/**/*
Build from Source (FrankW Fork)	Upload Artifacts	2026-01-16T13:11:08.7408359Z   if-no-files-found: warn
Build from Source (FrankW Fork)	Upload Artifacts	2026-01-16T13:11:08.7408914Z   compression-level: 6
Build from Source (FrankW Fork)	Upload Artifacts	2026-01-16T13:11:08.7409406Z   overwrite: false
Build from Source (FrankW Fork)	Upload Artifacts	2026-01-16T13:11:08.7409931Z   include-hidden-files: false
Build from Source (FrankW Fork)	Upload Artifacts	2026-01-16T13:11:08.7410509Z ##[endgroup]
Build from Source (FrankW Fork)	Upload Artifacts	2026-01-16T13:11:08.9997638Z ##[warning]No files were found with the provided path: bin/targets/**/*. No artifacts will be uploaded.
Build from Source (FrankW Fork)	Post Run actions/checkout@v4	Ôªø2026-01-16T13:11:09.0230034Z Post job cleanup.
Build from Source (FrankW Fork)	Post Run actions/checkout@v4	2026-01-16T13:11:09.1385459Z [command]/nix/store/fryiyyhhilpqhx2wc4b6l5gnxc8w18rg-git-2.52.0/bin/git version
Build from Source (FrankW Fork)	Post Run actions/checkout@v4	2026-01-16T13:11:09.1421308Z git version 2.52.0
Build from Source (FrankW Fork)	Post Run actions/checkout@v4	2026-01-16T13:11:09.1454419Z Temporarily overriding HOME='/run/github-runner/openwrt-builder/_temp/b7232692-7c06-4e39-9dfa-df6a9e0a255a' before making global git config changes
Build from Source (FrankW Fork)	Post Run actions/checkout@v4	2026-01-16T13:11:09.1455602Z Adding repository directory to the temporary git global config as a safe directory
Build from Source (FrankW Fork)	Post Run actions/checkout@v4	2026-01-16T13:11:09.1458584Z [command]/nix/store/fryiyyhhilpqhx2wc4b6l5gnxc8w18rg-git-2.52.0/bin/git config --global --add safe.directory /run/github-runner/openwrt-builder/openwrt-builder/openwrt-builder
Build from Source (FrankW Fork)	Post Run actions/checkout@v4	2026-01-16T13:11:09.1487544Z [command]/nix/store/fryiyyhhilpqhx2wc4b6l5gnxc8w18rg-git-2.52.0/bin/git config --local --name-only --get-regexp core\.sshCommand
Build from Source (FrankW Fork)	Post Run actions/checkout@v4	2026-01-16T13:11:09.1530151Z [command]/nix/store/fryiyyhhilpqhx2wc4b6l5gnxc8w18rg-git-2.52.0/bin/git submodule foreach --recursive sh -c "git config --local --name-only --get-regexp 'core\.sshCommand' && git config --local --unset-all 'core.sshCommand' || :"
Build from Source (FrankW Fork)	Post Run actions/checkout@v4	2026-01-16T13:11:09.1883314Z [command]/nix/store/fryiyyhhilpqhx2wc4b6l5gnxc8w18rg-git-2.52.0/bin/git config --local --name-only --get-regexp http\.https\:\/\/github\.com\/\.extraheader
Build from Source (FrankW Fork)	Post Run actions/checkout@v4	2026-01-16T13:11:09.1917500Z http.https://github.com/.extraheader
Build from Source (FrankW Fork)	Post Run actions/checkout@v4	2026-01-16T13:11:09.1926677Z [command]/nix/store/fryiyyhhilpqhx2wc4b6l5gnxc8w18rg-git-2.52.0/bin/git config --local --unset-all http.https://github.com/.extraheader
Build from Source (FrankW Fork)	Post Run actions/checkout@v4	2026-01-16T13:11:09.1956312Z [command]/nix/store/fryiyyhhilpqhx2wc4b6l5gnxc8w18rg-git-2.52.0/bin/git submodule foreach --recursive sh -c "git config --local --name-only --get-regexp 'http\.https\:\/\/github\.com\/\.extraheader' && git config --local --unset-all 'http.https://github.com/.extraheader' || :"
Build from Source (FrankW Fork)	Post Run actions/checkout@v4	2026-01-16T13:11:09.2238642Z [command]/nix/store/fryiyyhhilpqhx2wc4b6l5gnxc8w18rg-git-2.52.0/bin/git config --local --name-only --get-regexp ^includeIf\.gitdir:
Build from Source (FrankW Fork)	Post Run actions/checkout@v4	2026-01-16T13:11:09.2282152Z [command]/nix/store/fryiyyhhilpqhx2wc4b6l5gnxc8w18rg-git-2.52.0/bin/git submodule foreach --recursive git config --local --show-origin --name-only --get-regexp remote.origin.url
Build from Source (FrankW Fork)	Complete job	Ôªø2026-01-16T13:11:09.2696822Z Cleaning up orphan processes
